Microchip MPLAB XC8 Compiler V2.32

Linker command line:

-W-3 --edf=C:\Program Files\Microchip\xc8\v2.32\pic\dat\en_msgs.txt -cn \
  -h+dist/default/production\Lab5_ED2.X.production.sym \
  --cmf=dist/default/production\Lab5_ED2.X.production.cmf -z -Q16F887 \
  -oC:\Users\ANDYBO~1\AppData\Local\Temp\xcAsmls.4 --defsym=__MPLAB_BUILD=1 \
  -Mdist/default/production/Lab5_ED2.X.production.map -E1 -ver=XC8 Compiler \
  --acfsm=1493 -ASTACK=0110h-016Fh -pstack=STACK -ACODE=00h-07FFhx4 \
  -ASTRCODE=00h-01FFFh -ASTRING=00h-0FFhx32 -ACONST=00h-0FFhx32 \
  -AENTRY=00h-0FFhx32 -ACOMMON=070h-07Fh -ABANK0=020h-06Fh \
  -ABANK1=0A0h-0EFh -ABANK2=0110h-016Fh -ABANK3=0190h-01EFh \
  -ARAM=020h-06Fh,0A0h-0EFh,0110h-016Fh,0190h-01EFh \
  -AABS1=020h-07Fh,0A0h-0EFh,0110h-016Fh,0190h-01EFh -ASFR0=00h-01Fh \
  -ASFR1=080h-09Fh -ASFR2=0100h-010Fh -ASFR3=0180h-018Fh \
  -ACONFIG=02007h-02008h -DCONFIG=2 -AIDLOC=02000h-02003h -DIDLOC=2 \
  -AEEDATA=00h-0FFh/02100h -peeprom_data=EEDATA -DEEDATA=2 -DCODE=2 \
  -DSTRCODE=2 -DSTRING=2 -DCONST=2 -DENTRY=2 \
  -preset_vec=00h,intentry=04h,init,end_init -ppowerup=CODE -pcinit=CODE \
  -pfunctab=ENTRY -k C:\Users\ANDYBO~1\AppData\Local\Temp\xcAsmls.o \
  dist/default/production\Lab5_ED2.X.production.o 

Object code version is 3.11

Machine type is 16F887



                Name                               Link     Load   Length Selector   Space Scale
C:\Users\ANDYBO~1\AppData\Local\Temp\xcAsmls.o
                end_init                              E        E        3        8       0
                reset_vec                             0        0        3        0       0
                config                             2007     2007        2        0       4
dist/default/production\Lab5_ED2.X.production.o
                cinit                                11       11       10        8       0
                intentry                              4        4        A        8       0
                config                             2007     2007        2        0       4
                text8                               1CC      1CC       39        8       0
                text7                               157      157       3C        8       0
                text6                                93       93       69        8       0
                text5                                FC       FC       5B        8       0
                text4                                21       21       72        8       0
                text3                               193      193       39        8       0
                text2                               25B      25B       16        8       0
                text1                               231      231       2A        8       0
                maintext                            205      205       2C        8       0
                cstackBANK0                          20       20       14       20       1
                cstackCOMMON                         70       70        7       70       1
                bssBANK0                             34       34        9       20       1
                bssCOMMON                            77       77        1       70       1

TOTAL           Name                               Link     Load   Length     Space
        CLASS   STACK          

        CLASS   CODE           
                end_init                              E        E        3         0
                cinit                                11       11       10         0
                intentry                              4        4        A         0
                reset_vec                             0        0        3         0
                text8                               1CC      1CC       39         0
                text7                               157      157       3C         0
                text6                                93       93       69         0
                text5                                FC       FC       5B         0
                text4                                21       21       72         0
                text3                               193      193       39         0
                text2                               25B      25B       16         0
                text1                               231      231       2A         0
                maintext                            205      205       2C         0

        CLASS   STRCODE        

        CLASS   STRING         

        CLASS   CONST          

        CLASS   ENTRY          

        CLASS   COMMON         
                cstackCOMMON                         70       70        7         1
                bssCOMMON                            77       77        1         1

        CLASS   BANK0          
                cstackBANK0                          20       20       14         1
                bssBANK0                             34       34        9         1

        CLASS   BANK1          

        CLASS   BANK2          

        CLASS   BANK3          

        CLASS   RAM            

        CLASS   ABS1           
                abs_s1                               7E       7E        2         1

        CLASS   SFR0           

        CLASS   SFR1           

        CLASS   SFR2           

        CLASS   SFR3           

        CLASS   CONFIG         
                config                             2007     2007        2         4

        CLASS   IDLOC          

        CLASS   EEDATA         



SEGMENTS        Name                           Load    Length   Top    Selector   Space  Class     Delta

                reset_vec                      000000  000003  000003         0       0  CODE        2
                intentry                       000004  00026D  000271         8       0  CODE        2
                cstackBANK0                    000020  00001D  00003D        20       1  BANK0       1
                cstackCOMMON                   000070  000008  000078        70       1  COMMON      1


UNUSED ADDRESS RANGES

        Name                Unused          Largest block    Delta
        BANK0            003D-006F             33           1
        BANK1            00A0-00EF             50           1
        BANK2            0110-016F             60           1
        BANK3            0190-01EF             60           1
        CODE             0003-0003              1           2
                         0271-1FFF            800
        COMMON           0078-007D              6           1
        CONST            0003-0003              1           2
                         0271-1FFF            100
        EEDATA           2100-21FF            100           2
        ENTRY            0003-0003              1           2
                         0271-1FFF            100
        IDLOC            2000-2003              4           2
        RAM              003D-006F             33           1
                         00A0-00EF             50
                         0110-016F             60
                         0190-01EF             60
        SFR0             0000-001F             20           1
        SFR1             0080-009F             20           1
        SFR2             0100-010F             10           1
        SFR3             0180-018F             10           1
        STACK            0110-016F             60           1
        STRCODE          0003-0003              1           2
                         0271-1FFF           1D8F
        STRING           0003-0003              1           2
                         0271-1FFF            100

                                  Symbol Table

?___awdiv                cstackBANK0  0020
?___awmod                cstackBANK0  0029
_ANSEL                   (abs)        0188
_ANSELH                  (abs)        0189
_BAUDCTLbits             (abs)        0187
_INTCONbits              (abs)        000B
_IOCBbits                (abs)        0096
_OPTION_REGbits          (abs)        0081
_OSCCONbits              (abs)        008F
_PIE1bits                (abs)        008C
_PIR1bits                (abs)        000C
_PORTB                   (abs)        0006
_PORTBbits               (abs)        0006
_PORTD                   (abs)        0008
_RCSTAbits               (abs)        0018
_SPBRG                   (abs)        0099
_SPBRGH                  (abs)        009A
_TRISBbits               (abs)        0086
_TRISD                   (abs)        0088
_TXREG                   (abs)        0019
_TXSTAbits               (abs)        0098
_WPUBbits                (abs)        0095
__Habs1                  abs1         0000
__Hbank0                 bank0        0000
__Hbank1                 bank1        0000
__Hbank2                 bank2        0000
__Hbank3                 bank3        0000
__HbssBANK0              bssBANK0     0000
__HbssCOMMON             bssCOMMON    0000
__Hcinit                 cinit        0021
__Hclrtext               clrtext      0000
__Hcode                  code         0000
__Hcommon                common       0000
__Hconfig                config       2009
__HcstackBANK0           cstackBANK0  0000
__HcstackCOMMON          cstackCOMMON 0000
__Heeprom_data           eeprom_data  0000
__Hend_init              end_init     0011
__Hfunctab               functab      0000
__Hinit                  init         000E
__Hintentry              intentry     000E
__Hmaintext              maintext     0000
__Hpowerup               powerup      0000
__Hram                   ram          0000
__Hreset_vec             reset_vec    0003
__Hsfr0                  sfr0         0000
__Hsfr1                  sfr1         0000
__Hsfr2                  sfr2         0000
__Hsfr3                  sfr3         0000
__Hspace_0               (abs)        0271
__Hspace_1               (abs)        0078
__Hspace_2               (abs)        0000
__Hspace_3               (abs)        0000
__Hspace_4               (abs)        4010
__Hstack                 stack        0000
__Hstrings               strings      0000
__Htext                  text         0000
__Labs1                  abs1         0000
__Lbank0                 bank0        0000
__Lbank1                 bank1        0000
__Lbank2                 bank2        0000
__Lbank3                 bank3        0000
__LbssBANK0              bssBANK0     0000
__LbssCOMMON             bssCOMMON    0000
__Lcinit                 cinit        0011
__Lclrtext               clrtext      0000
__Lcode                  code         0000
__Lcommon                common       0000
__Lconfig                config       0000
__LcstackBANK0           cstackBANK0  0000
__LcstackCOMMON          cstackCOMMON 0000
__Leeprom_data           eeprom_data  0000
__Lend_init              end_init     000E
__Lfunctab               functab      0000
__Linit                  init         000E
__Lintentry              intentry     0004
__Lmaintext              maintext     0000
__Lpowerup               powerup      0000
__Lram                   ram          0000
__Lreset_vec             reset_vec    0000
__Lsfr0                  sfr0         0000
__Lsfr1                  sfr1         0000
__Lsfr2                  sfr2         0000
__Lsfr3                  sfr3         0000
__Lspace_0               (abs)        0000
__Lspace_1               (abs)        0000
__Lspace_2               (abs)        0000
__Lspace_3               (abs)        0000
__Lspace_4               (abs)        0000
__Lstack                 stack        0000
__Lstrings               strings      0000
__Ltext                  text         0000
__S0                     (abs)        0271
__S1                     (abs)        0078
__S2                     (abs)        0000
__S3                     (abs)        0000
___awdiv                 text6        0093
___awdiv@counter         cstackBANK0  0025
___awdiv@dividend        cstackBANK0  0022
___awdiv@divisor         cstackBANK0  0020
___awdiv@quotient        cstackBANK0  0027
___awdiv@sign            cstackBANK0  0026
___awmod                 text5        00FC
___awmod@counter         cstackBANK0  002E
___awmod@dividend        cstackBANK0  002B
___awmod@divisor         cstackBANK0  0029
___awmod@sign            cstackBANK0  002F
___int_sp                stack        0000
___latbits               (abs)        0002
___sp                    stack        0000
___stackhi               (abs)        0000
___stacklo               (abs)        0000
__end_of___awdiv         text6        00FC
__end_of___awmod         text5        0157
__end_of__initialization cinit        001D
__end_of_isr             text7        0193
__end_of_main            maintext     0231
__end_of_mandar_datos    text8        0205
__end_of_mapeos          text4        0093
__end_of_osc_config      text3        01CC
__end_of_setup           text1        025B
__end_of_uart_config     text2        0271
__initialization         cinit        0011
__pbssBANK0              bssBANK0     0034
__pbssCOMMON             bssCOMMON    0077
__pcstackBANK0           cstackBANK0  0020
__pcstackCOMMON          cstackCOMMON 0070
__pintentry              intentry     0004
__pmaintext              maintext     0205
__ptext1                 text1        0231
__ptext2                 text2        025B
__ptext3                 text3        0193
__ptext4                 text4        0021
__ptext5                 text5        00FC
__ptext6                 text6        0093
__ptext7                 text7        0157
__ptext8                 text8        01CC
__size_of___awdiv        (abs)        0000
__size_of___awmod        (abs)        0000
__size_of_isr            (abs)        0000
__size_of_main           (abs)        0000
__size_of_mandar_datos   (abs)        0000
__size_of_mapeos         (abs)        0000
__size_of_osc_config     (abs)        0000
__size_of_setup          (abs)        0000
__size_of_uart_config    (abs)        0000
_antirrebote1            bssBANK0     003C
_antirrebote2            bssBANK0     003B
_cen_cuenta              bssBANK0     0039
_cen_mandar              bssBANK0     0036
_cuenta                  bssBANK0     003A
_cuenta_uart             bssCOMMON    0077
_dec_cuenta              bssBANK0     0038
_dec_mandar              bssBANK0     0035
_isr                     text7        0157
_main                    maintext     0205
_mandar_datos            text8        01CC
_mapeos                  text4        0021
_osc_config              text3        0193
_setup                   text1        0231
_uart_config             text2        025B
_un_cuenta               bssBANK0     0037
_un_mandar               bssBANK0     0034
btemp                    (abs)        007E
end_of_initialization    cinit        001D
interrupt_function       intentry     0004
intlevel0                functab      0000
intlevel1                functab      0000
intlevel2                functab      0000
intlevel3                functab      0000
intlevel4                functab      0000
intlevel5                functab      0000
osc_config@freq          cstackBANK0  0022
reset_vec                reset_vec    0000
saved_w                  (abs)        007E
start                    init         000E
start_initialization     cinit        0011
wtemp0                   (abs)        007E


MODULE INFORMATION

Module		Function		Class		Link	Load	Size
C:/Users/Andy Bonilla/Documents/GitHub/ED2/Lab5_ED2/Lab5_ED2.X/Osc_config.c
		_osc_config    		CODE           	0193	0000	57

C:/Users/Andy Bonilla/Documents/GitHub/ED2/Lab5_ED2/Lab5_ED2.X/Osc_config.c estimated size: 57

C:/Users/Andy Bonilla/Documents/GitHub/ED2/Lab5_ED2/Lab5_ED2.X/Lab5_main.c
		_main          		CODE           	0205	0000	44
		_mapeos        		CODE           	0021	0000	114
		_isr           		CODE           	0157	0000	60
		_setup         		CODE           	0231	0000	42
		_mandar_datos  		CODE           	01CC	0000	57

C:/Users/Andy Bonilla/Documents/GitHub/ED2/Lab5_ED2/Lab5_ED2.X/Lab5_main.c estimated size: 317

C:/Users/Andy Bonilla/Documents/GitHub/ED2/Lab5_ED2/Lab5_ED2.X/UART_CONFIG.c
		_uart_config   		CODE           	025B	0000	22

C:/Users/Andy Bonilla/Documents/GitHub/ED2/Lab5_ED2/Lab5_ED2.X/UART_CONFIG.c estimated size: 22

C:\Program Files\Microchip\xc8\v2.32\pic\sources\c90\common\awmod.c
		___awmod       		CODE           	00FC	0000	91

C:\Program Files\Microchip\xc8\v2.32\pic\sources\c90\common\awmod.c estimated size: 91

shared
		__initialization		CODE           	0011	0000	12

shared estimated size: 12

C:\Program Files\Microchip\xc8\v2.32\pic\sources\c90\common\awdiv.c
		___awdiv       		CODE           	0093	0000	105

C:\Program Files\Microchip\xc8\v2.32\pic\sources\c90\common\awdiv.c estimated size: 105

